#-----------------------------------------------------------
# Vivado v2018.3 (64-bit)
# SW Build 2405991 on Thu Dec  6 23:38:27 MST 2018
# IP Build 2404404 on Fri Dec  7 01:43:56 MST 2018
# Start of session at: Thu Jul  3 10:53:50 2025
# Process ID: 2996
# Current directory: D:/cpu-design/Lab2/proj_miniLA_ego1/proj_miniLA_ego1/proj_single_cycle
# Command line: vivado.exe -gui_launcher_event rodinguilauncherevent9836 D:\cpu-design\Lab2\proj_miniLA_ego1\proj_miniLA_ego1\proj_single_cycle\proj_single_cycle.xpr
# Log file: D:/cpu-design/Lab2/proj_miniLA_ego1/proj_miniLA_ego1/proj_single_cycle/vivado.log
# Journal file: D:/cpu-design/Lab2/proj_miniLA_ego1/proj_miniLA_ego1/proj_single_cycle\vivado.jou
#-----------------------------------------------------------
start_gui
open_project D:/cpu-design/Lab2/proj_miniLA_ego1/proj_miniLA_ego1/proj_single_cycle/proj_single_cycle.xpr
INFO: [Project 1-313] Project file moved from 'Y:/proj_miniLA/proj_single_cycle' since last save.
Scanning sources...
Finished scanning sources
WARNING: [filemgmt 56-2] IPUserFilesDir: Could not find the directory 'D:/cpu-design/Lab2/proj_miniLA_ego1/proj_miniLA_ego1/proj_single_cycle/proj_single_cycle.ip_user_files', nor could it be found using path 'Y:/proj_miniLA/proj_single_cycle/proj_single_cycle.ip_user_files'.
INFO: [IP_Flow 19-234] Refreshing IP repositories
INFO: [IP_Flow 19-1704] No user IP repositories specified
INFO: [IP_Flow 19-2313] Loaded Vivado IP repository 'D:/Vivado/2018.3/data/ip'.
open_project: Time (s): cpu = 00:00:01 ; elapsed = 00:00:05 . Memory (MB): peak = 695.148 ; gain = 65.008
update_compile_order -fileset sources_1
exit
INFO: [Common 17-206] Exiting Vivado at Thu Jul  3 17:40:48 2025...
